
==================================== ERRORS ====================================
_____________________ ERROR collecting tests/test_basic.py _____________________
ImportError while importing test module '/home/runner/work/sports-video-tagger/sports-video-tagger/tests/test_basic.py'.
Hint: make sure your test modules/packages have valid Python names.
Traceback:
/opt/hostedtoolcache/Python/3.9.25/x64/lib/python3.9/importlib/__init__.py:127: in import_module
    return _bootstrap._gcd_import(name[level:], package, level)
tests/test_basic.py:10: in <module>
    import app as application
app.py:14: in <module>
    from flask import Flask, jsonify, request, send_from_directory, send_file, render_template
E   ModuleNotFoundError: No module named 'flask'
=========================== short test summary info ============================
ERROR tests/test_basic.py
!!!!!!!!!!!!!!!!!!!!!!!!!! stopping after 1 failures !!!!!!!!!!!!!!!!!!!!!!!!!!!
!!!!!!!!!!!!!!!!!!!! Interrupted: 1 error during collection !!!!!!!!!!!!!!!!!!!!
1 error in 0.25s
